Script started on 2022-09-22 21:24:26-04:00 [TERM="xterm-256color" TTY="/dev/pts/0" COLUMNS="120" LINES="30"]
]0;romacoop@DESKTOP-SPKI8BN: ~/CISC3142/exercise3[01;32mromacoop@DESKTOP-SPKI8BN[00m:[01;34m~/CISC3142/exercise3[00m$ git[K[K[Kcd CISC3142
bash: cd: CISC3142: No such file or directory
]0;romacoop@DESKTOP-SPKI8BN: ~/CISC3142/exercise3[01;32mromacoop@DESKTOP-SPKI8BN[00m:[01;34m~/CISC3142/exercise3[00m$ cd
]0;romacoop@DESKTOP-SPKI8BN: ~[01;32mromacoop@DESKTOP-SPKI8BN[00m:[01;34m~[00m$ cd cisc [K[K[K[K[KCISC3142
]0;romacoop@DESKTOP-SPKI8BN: ~/CISC3142[01;32mromacoop@DESKTOP-SPKI8BN[00m:[01;34m~/CISC3142[00m$ GIT S[K[K[K[K[Kgit status
On branch main
Your branch is up to date with 'origin/main'.

Changes not staged for commit:
  (use "git add/rm <file>..." to update what will be committed)
  (use "git restore <file>..." to discard changes in working directory)
	[31mdeleted:    exercise3/.markdown_commands.md.swp[m
	[31mdeleted:    exercise3/exercise2_1.txt[m
	[31mdeleted:    exercise3/exercise2_10.txt[m
	[31mdeleted:    exercise3/exercise2_12.txt[m
	[31mdeleted:    exercise3/exercise2_2.txt[m
	[31mdeleted:    exercise3/exercise2_3.txt[m
	[31mmodified:   exercise3/markdown_commands.md[m

Untracked files:
  (use "git add <file>..." to include in what will be committed)
	[31mexercise3/exercise3part1.md[m
	[31mexercise3/script-linux-2022-09-22.log[m
	[31mexercise3/time-2022-09-22.txt[m
	[31mexercise3/version_control_notes.md[m

no changes added to commit (use "git add" and/or "git commit -a")
]0;romacoop@DESKTOP-SPKI8BN: ~/CISC3142[01;32mromacoop@DESKTOP-SPKI8BN[00m:[01;34m~/CISC3142[00m$ git add .
]0;romacoop@DESKTOP-SPKI8BN: ~/CISC3142[01;32mromacoop@DESKTOP-SPKI8BN[00m:[01;34m~/CISC3142[00m$ go[Kit status
On branch main
Your branch is up to date with 'origin/main'.

Changes to be committed:
  (use "git restore --staged <file>..." to unstage)
	[32mdeleted:    exercise3/.markdown_commands.md.swp[m
	[32mdeleted:    exercise3/exercise2_1.txt[m
	[32mdeleted:    exercise3/exercise2_10.txt[m
	[32mdeleted:    exercise3/exercise2_12.txt[m
	[32mdeleted:    exercise3/exercise2_2.txt[m
	[32mdeleted:    exercise3/exercise2_3.txt[m
	[32mnew file:   exercise3/exercise3part1.md[m
	[32mmodified:   exercise3/markdown_commands.md[m
	[32mnew file:   exercise3/script-linux-2022-09-22.log[m
	[32mnew file:   exercise3/time-2022-09-22.txt[m
	[32mnew file:   exercise3/version_control_notes.md[m

]0;romacoop@DESKTOP-SPKI8BN: ~/CISC3142[01;32mromacoop@DESKTOP-SPKI8BN[00m:[01;34m~/CISC3142[00m$ git commit -m "exercise 3"[K uo [K[K[Kup to task 3[K4~[K!"
[main 9f4e473] exercise 3 up to task 4!
 11 files changed, 128 insertions(+), 55 deletions(-)
 delete mode 100644 exercise3/.markdown_commands.md.swp
 delete mode 100644 exercise3/exercise2_1.txt
 delete mode 100644 exercise3/exercise2_10.txt
 delete mode 100644 exercise3/exercise2_12.txt
 delete mode 100644 exercise3/exercise2_2.txt
 delete mode 100644 exercise3/exercise2_3.txt
 create mode 100644 exercise3/exercise3part1.md
 rewrite exercise3/markdown_commands.md (97%)
 create mode 100644 exercise3/script-linux-2022-09-22.log
 create mode 100644 exercise3/time-2022-09-22.txt
 create mode 100644 exercise3/version_control_notes.md
]0;romacoop@DESKTOP-SPKI8BN: ~/CISC3142[01;32mromacoop@DESKTOP-SPKI8BN[00m:[01;34m~/CISC3142[00m$ git push origin main
Warning: Permanently added the ECDSA host key for IP address '140.82.113.3' to the list of known hosts.
Enter passphrase for key '/home/romacoop/.ssh/id_ed25519': 
Enumerating objects: 10, done.
Counting objects:  10% (1/10)Counting objects:  20% (2/10)Counting objects:  30% (3/10)Counting objects:  40% (4/10)Counting objects:  50% (5/10)Counting objects:  60% (6/10)Counting objects:  70% (7/10)Counting objects:  80% (8/10)Counting objects:  90% (9/10)Counting objects: 100% (10/10)Counting objects: 100% (10/10), done.
Delta compression using up to 16 threads
Compressing objects:  16% (1/6)Compressing objects:  33% (2/6)Compressing objects:  50% (3/6)Compressing objects:  66% (4/6)Compressing objects:  83% (5/6)Compressing objects: 100% (6/6)Compressing objects: 100% (6/6), done.
Writing objects:  14% (1/7)Writing objects:  28% (2/7)Writing objects:  42% (3/7)Writing objects:  57% (4/7)Writing objects:  71% (5/7)Writing objects:  85% (6/7)Writing objects: 100% (7/7)Writing objects: 100% (7/7), 2.29 KiB | 781.00 KiB/s, done.
Total 7 (delta 1), reused 0 (delta 0)
remote: Resolving deltas:   0% (0/1)[Kremote: Resolving deltas: 100% (1/1)[Kremote: Resolving deltas: 100% (1/1), completed with 1 local object.[K
To github.com:rcooper3307/CISC3142.git
   cc3eb3b..9f4e473  main -> main
]0;romacoop@DESKTOP-SPKI8BN: ~/CISC3142[01;32mromacoop@DESKTOP-SPKI8BN[00m:[01;34m~/CISC3142[00m$ exit
exit

Script done on 2022-09-22 21:26:51-04:00 [COMMAND_EXIT_CODE="0"]
